echo "# MadHattressProject" >> README.md
git init
git add README.md
git commit -m "first commit"
git branch -M main
git remote add origin https://github.com/MadHattressWatson/MadHattressProject.git
git push -u origin main
  $ git add readme.md
  $ git status
  # On branch master
  # Changes to be committed:
  #   (use "git reset HEAD <file>..." to unstage)
  #
  #   modified:   readme.md
  #git commit -m "docs updated for feature A"
git status
